Java HotSpot(TM) 64-Bit Server VM (25.201-b09) for bsd-amd64 JRE (1.8.0_201-b09), built on Dec 15 2018 18:35:23 by "java_re" with gcc 4.2.1 (Based on Apple Inc. build 5658) (LLVM build 2336.11.00)
Memory: 4k page, physical 8388608k(273496k free)

/proc/meminfo:

CommandLine flags: -XX:InitialHeapSize=128974848 -XX:MaxGCPauseMillis=2 -XX:MaxHeapSize=128974848 -XX:+PrintGC -XX:+PrintGCTimeStamps -XX:+UseCompressedClassPointers -XX:+UseCompressedOops -XX:+UseSerialGC 
0.177: [GC (Allocation Failure)  33779K->4324K(122752K), 0.0035472 secs]
0.198: [GC (Allocation Failure)  38179K->8120K(122752K), 0.0075029 secs]
0.221: [GC (Allocation Failure)  41842K->12552K(122752K), 0.0041839 secs]
0.237: [GC (Allocation Failure)  46408K->15626K(122752K), 0.0040232 secs]
0.254: [GC (Allocation Failure)  49482K->19956K(122752K), 0.0038255 secs]
0.270: [GC (Allocation Failure)  53812K->23951K(122752K), 0.0043274 secs]
0.287: [GC (Allocation Failure)  57725K->28466K(122752K), 0.0044613 secs]
0.304: [GC (Allocation Failure)  62322K->32227K(122752K), 0.0040034 secs]
0.321: [GC (Allocation Failure)  66051K->36680K(122752K), 0.0042373 secs]
0.338: [GC (Allocation Failure)  70536K->40204K(122752K), 0.0036022 secs]
0.353: [GC (Allocation Failure)  73775K->45083K(122752K), 0.0044319 secs]
0.370: [GC (Allocation Failure)  78834K->49423K(122752K), 0.0044660 secs]
0.386: [GC (Allocation Failure)  83238K->53447K(122752K), 0.0043128 secs]
0.402: [GC (Allocation Failure)  87303K->57765K(122752K), 0.0044988 secs]
0.418: [GC (Allocation Failure)  91582K->61887K(122752K), 0.0042957 secs]
0.434: [GC (Allocation Failure)  95617K->65725K(122752K), 0.0039075 secs]
0.450: [GC (Allocation Failure)  99559K->69285K(122752K), 0.0042014 secs]
0.466: [GC (Allocation Failure)  103141K->73848K(122752K), 0.0065111 secs]
0.484: [GC (Allocation Failure)  107704K->76938K(122752K), 0.0043209 secs]
0.499: [GC (Allocation Failure)  110739K->81785K(122752K), 0.0047916 secs]
0.514: [GC (Allocation Failure)  115641K->84951K(122752K), 0.0052892 secs]
0.531: [Full GC (Allocation Failure)  118655K->79049K(122752K), 0.0171494 secs]
0.560: [GC (Allocation Failure)  112797K->83665K(122752K), 0.0010955 secs]
0.573: [GC (Allocation Failure)  117391K->87603K(122752K), 0.0025390 secs]
0.587: [Full GC (Allocation Failure)  121459K->86044K(122752K), 0.0169182 secs]
0.617: [Full GC (Allocation Failure)  122688K->88236K(122752K), 0.0137254 secs]
0.643: [Full GC (Allocation Failure)  122632K->85962K(122752K), 0.0197787 secs]
0.676: [Full GC (Allocation Failure)  122531K->91571K(122752K), 0.0032029 secs]
0.690: [Full GC (Allocation Failure)  122661K->94887K(122752K), 0.0028005 secs]
0.703: [Full GC (Allocation Failure)  122577K->96921K(122752K), 0.0073716 secs]
0.719: [Full GC (Allocation Failure)  122500K->94754K(122752K), 0.0193691 secs]
0.748: [Full GC (Allocation Failure)  122682K->98113K(122752K), 0.0055240 secs]
0.761: [Full GC (Allocation Failure)  122587K->100660K(122752K), 0.0042514 secs]
0.774: [Full GC (Allocation Failure)  122736K->102316K(122752K), 0.0042467 secs]
0.786: [Full GC (Allocation Failure)  122733K->100686K(122752K), 0.0218749 secs]
0.814: [Full GC (Allocation Failure)  122440K->103048K(122752K), 0.0057939 secs]
0.826: [Full GC (Allocation Failure)  122580K->105665K(122752K), 0.0045484 secs]
0.838: [Full GC (Allocation Failure)  122578K->107841K(122752K), 0.0036632 secs]
0.846: [Full GC (Allocation Failure)  122697K->105884K(122752K), 0.0234623 secs]
0.878: [Full GC (Allocation Failure)  122599K->107789K(122752K), 0.0068434 secs]
0.890: [Full GC (Allocation Failure)  122664K->109588K(122752K), 0.0040832 secs]
0.899: [Full GC (Allocation Failure)  122703K->110709K(122752K), 0.0068041 secs]
0.909: [Full GC (Allocation Failure)  122682K->108425K(122752K), 0.0218085 secs]
0.938: [Full GC (Allocation Failure)  122668K->109331K(122752K), 0.0030332 secs]
0.945: [Full GC (Allocation Failure)  122706K->111375K(122752K), 0.0065003 secs]
0.957: [Full GC (Allocation Failure)  122744K->112450K(122752K), 0.0024688 secs]
0.962: [Full GC (Allocation Failure)  122748K->110851K(122752K), 0.0229607 secs]
0.990: [Full GC (Allocation Failure)  122679K->112052K(122752K), 0.0045650 secs]
0.998: [Full GC (Allocation Failure)  122485K->113319K(122752K), 0.0065405 secs]
1.008: [Full GC (Allocation Failure)  122470K->114283K(122752K), 0.0029282 secs]
1.014: [Full GC (Allocation Failure)  122556K->113628K(122752K), 0.0247396 secs]
1.042: [Full GC (Allocation Failure)  122640K->115139K(122752K), 0.0043623 secs]
1.051: [Full GC (Allocation Failure)  122727K->115125K(122752K), 0.0068199 secs]
1.060: [Full GC (Allocation Failure)  122722K->116128K(122752K), 0.0075068 secs]
1.071: [Full GC (Allocation Failure)  122744K->115682K(122752K), 0.0195949 secs]
1.093: [Full GC (Allocation Failure)  122732K->116483K(122752K), 0.0021621 secs]
1.097: [Full GC (Allocation Failure)  122536K->117834K(122752K), 0.0067924 secs]
